[INFO] [launch]: All log files can be found below /home/dominiques-laptop/.ros/log/2026-10-10-20-27-59-543448-dominiques-laptop-LOQ-15IRX10-29497
[INFO] [launch]: Default logging verbosity is set to INFO
[INFO] [frontier_detector_node-1]: process started with pid [29514]
[INFO] [navigation_node-2]: process started with pid [29515]
[INFO] [path_follower_node-3]: process started with pid [29516]
[INFO] [async_slam_toolbox_node-5]: process started with pid [29518]
[async_slam_toolbox_node-5] [INFO] [1791656879.752464395] [slam_toolbox]: Node using stack size 40000000
[navigation_node-2] [INFO] [1791656880.504457233] [navigation_node]: PathPlannerNode initialized.
[async_slam_toolbox_node-5] [INFO] [1791656880.730765760] [slam_toolbox]: Configuring
[async_slam_toolbox_node-5] [INFO] [1791656880.740227853] [slam_toolbox]: Using solver plugin solver_plugins::CeresSolver
[async_slam_toolbox_node-5] [INFO] [1791656880.740503200] [slam_toolbox]: CeresSolver: Using SCHUR_JACOBI preconditioner.
[INFO] [launch.user]: [LifecycleLaunch] Slamtoolbox node is activating.
[async_slam_toolbox_node-5] [INFO] [1791656880.766527517] [slam_toolbox]: Activating
[async_slam_toolbox_node-5] Info: clipped range threshold to be within minimum and maximum range!
[async_slam_toolbox_node-5] [WARN] [1791656880.845889468] [slam_toolbox]: maximum laser range setting (20.0 m) exceeds the capabilities of the used Lidar (3.5 m)
[async_slam_toolbox_node-5] Registering sensor: [Custom Described Lidar]
[navigation_node-2] [INFO] [1791656882.287296449] [navigation_node]: t=18.0 goal=(0.04, 1.14) H=-9.23 L=1.14 I=106 turn=1.52 candidates=2 known=1.9m2 plan_time=0.05s
[navigation_node-2] [INFO] [1791656892.239359496] [navigation_node]: arrived at (0.04, 1.14)
[navigation_node-2] [INFO] [1791656892.347173344] [navigation_node]: t=28.0 goal=(-1.53, -0.00) H=-3.07 L=2.28 I=58 turn=2.99 candidates=4 known=3.1m2 plan_time=0.11s
[navigation_node-2] [INFO] [1791656913.241095544] [navigation_node]: path is old, planning again
[navigation_node-2] [INFO] [1791656913.288428176] [navigation_node]: t=49.0 goal=(-1.58, -0.54) H=-0.65 L=0.72 I=15 turn=0.87 candidates=2 known=3.3m2 plan_time=0.05s
[navigation_node-2] [INFO] [1791656919.243112655] [navigation_node]: arrived at (-1.58, -0.54)
[navigation_node-2] [INFO] [1791656919.311453198] [navigation_node]: t=55.0 goal=(-1.72, -1.47) H=-4.79 L=1.06 I=59 turn=0.36 candidates=3 known=4.3m2 plan_time=0.07s
[navigation_node-2] [INFO] [1791656926.249493216] [navigation_node]: arrived at (-1.72, -1.47)
[navigation_node-2] [INFO] [1791656926.292108057] [navigation_node]: t=62.0 goal=(-1.11, -1.24) H=-5.31 L=0.73 I=63 turn=1.71 candidates=2 known=5.0m2 plan_time=0.04s
[navigation_node-2] [INFO] [1791656933.254084457] [navigation_node]: arrived at (-1.11, -1.24)
[navigation_node-2] [INFO] [1791656933.302474447] [navigation_node]: t=69.0 goal=(0.03, -1.30) H=-1.87 L=1.33 I=34 turn=1.36 candidates=2 known=5.6m2 plan_time=0.05s
[navigation_node-2] [INFO] [1791656942.254048322] [navigation_node]: arrived at (0.03, -1.30)
[navigation_node-2] [INFO] [1791656942.306781400] [navigation_node]: t=78.0 goal=(0.83, -0.83) H=-11.72 L=1.13 I=129 turn=0.30 candidates=2 known=6.5m2 plan_time=0.05s
[navigation_node-2] [INFO] [1791656949.257386037] [navigation_node]: arrived at (0.83, -0.83)
[navigation_node-2] [INFO] [1791656949.332885859] [navigation_node]: t=85.0 goal=(1.64, -1.37) H=-0.76 L=1.13 I=20 turn=0.74 candidates=3 known=8.4m2 plan_time=0.08s
[navigation_node-2] [INFO] [1791656958.262008593] [navigation_node]: arrived at (1.64, -1.37)
[navigation_node-2] [INFO] [1791656958.333159050] [navigation_node]: t=94.0 goal=(1.11, -1.54) H=-4.31 L=0.95 I=54 turn=0.94 candidates=3 known=9.8m2 plan_time=0.07s
[navigation_node-2] [INFO] [1791656968.262119671] [navigation_node]: arrived at (1.11, -1.54)
[navigation_node-2] [INFO] [1791656968.338477757] [navigation_node]: t=104.0 goal=(1.32, 0.60) H=1.05 L=2.50 I=18 turn=2.31 candidates=2 known=10.6m2 plan_time=0.08s
[navigation_node-2] [INFO] [1791656989.272749522] [navigation_node]: arrived at (1.32, 0.60)
[navigation_node-2] [INFO] [1791656989.382710020] [navigation_node]: t=125.0 goal=(0.90, 1.16) H=-8.10 L=0.88 I=90 turn=0.11 candidates=3 known=11.4m2 plan_time=0.11s
[navigation_node-2] [INFO] [1791656994.274389440] [navigation_node]: arrived at (0.90, 1.16)
[navigation_node-2] [INFO] [1791656994.355296361] [navigation_node]: t=130.0 goal=(1.06, 0.10) H=-3.87 L=0.96 I=52 turn=2.44 candidates=3 known=12.4m2 plan_time=0.08s
[navigation_node-2] [INFO] [1791657004.277542080] [navigation_node]: arrived at (1.06, 0.10)
[navigation_node-2] [INFO] [1791657004.374672270] [navigation_node]: t=140.0 goal=(1.53, 1.47) H=-0.23 L=1.48 I=21 turn=2.65 candidates=2 known=12.7m2 plan_time=0.10s
[navigation_node-2] [INFO] [1791657018.279863244] [navigation_node]: arrived at (1.53, 1.47)
[navigation_node-2] [INFO] [1791657018.406509214] [navigation_node]: t=154.0 goal=(1.91, 1.55) H=-0.40 L=0.57 I=10 turn=0.21 candidates=2 known=13.2m2 plan_time=0.13s
[navigation_node-2] [INFO] [1791657021.280449891] [navigation_node]: arrived at (1.91, 1.55)
[navigation_node-2] [INFO] [1791657021.375473477] [navigation_node]: t=157.0 goal=(-0.56, 1.60) H=9.42 L=10.27 I=13 turn=3.02 candidates=1 known=13.3m2 plan_time=0.09s
[navigation_node-2] [INFO] [1791657042.290989627] [navigation_node]: path is old, planning again
[navigation_node-2] [INFO] [1791657042.399520884] [navigation_node]: t=178.0 goal=(-0.56, 1.60) H=7.28 L=8.56 I=13 turn=0.18 candidates=1 known=13.3m2 plan_time=0.11s
[navigation_node-2] [INFO] [1791657063.306625419] [navigation_node]: path is old, planning again
[navigation_node-2] [INFO] [1791657063.386725293] [navigation_node]: t=199.0 goal=(-0.56, 1.60) H=4.44 L=5.72 I=13 turn=0.09 candidates=1 known=13.3m2 plan_time=0.08s
[navigation_node-2] [INFO] [1791657084.323399474] [navigation_node]: path is old, planning again
[navigation_node-2] [INFO] [1791657084.357216425] [navigation_node]: t=220.0 goal=(-0.56, 1.60) H=1.82 L=3.08 I=13 turn=0.26 candidates=1 known=13.3m2 plan_time=0.03s
[navigation_node-2] [INFO] [1791657105.342542243] [navigation_node]: path is old, planning again
[navigation_node-2] [INFO] [1791657105.389862097] [navigation_node]: t=241.0 goal=(-0.59, 1.40) H=-5.63 L=0.49 I=62 turn=0.49 candidates=3 known=13.8m2 plan_time=0.05s
[navigation_node-2] [INFO] [1791657109.356120097] [navigation_node]: arrived at (-0.59, 1.40)
[navigation_node-2] [INFO] [1791657109.379152436] [navigation_node]: t=245.0 goal=(-0.54, 1.10) H=-4.73 L=0.49 I=53 turn=0.52 candidates=1 known=14.1m2 plan_time=0.02s
[navigation_node-2] [INFO] [1791657114.357154071] [navigation_node]: arrived at (-0.54, 1.10)
[navigation_node-2] [INFO] [1791657114.371942360] [navigation_node]: t=250.0 goal=(-1.24, 1.15) H=-1.06 L=0.94 I=22 turn=1.38 candidates=1 known=14.8m2 plan_time=0.01s
[navigation_node-2] [INFO] [1791657123.374553446] [navigation_node]: arrived at (-1.24, 1.15)
[navigation_node-2] [INFO] [1791657123.390080647] [navigation_node]: t=259.0 goal=(-1.56, 1.26) H=-1.00 L=0.41 I=15 turn=0.59 candidates=1 known=15.0m2 plan_time=0.02s
[navigation_node-2] [INFO] [1791657127.377652608] [navigation_node]: arrived at (-1.56, 1.26)
[navigation_node-2] [INFO] [1791657136.388528305] [navigation_node]: exploration finished: 22 goals, 254 s since first plan
