[INFO] [launch]: All log files can be found below /home/dominiques-laptop/.ros/log/2026-10-10-19-39-27-333407-dominiques-laptop-LOQ-15IRX10-21398
[INFO] [launch]: Default logging verbosity is set to INFO
[INFO] [frontier_detector_node-1]: process started with pid [21415]
[INFO] [navigation_node-2]: process started with pid [21416]
[INFO] [path_follower_node-3]: process started with pid [21417]
[INFO] [async_slam_toolbox_node-5]: process started with pid [21419]
[async_slam_toolbox_node-5] [INFO] [1791653967.538203659] [slam_toolbox]: Node using stack size 40000000
[async_slam_toolbox_node-5] [INFO] [1791653967.978835828] [slam_toolbox]: Configuring
[async_slam_toolbox_node-5] [INFO] [1791653967.994037018] [slam_toolbox]: Using solver plugin solver_plugins::CeresSolver
[async_slam_toolbox_node-5] [INFO] [1791653967.994500895] [slam_toolbox]: CeresSolver: Using SCHUR_JACOBI preconditioner.
[INFO] [launch.user]: [LifecycleLaunch] Slamtoolbox node is activating.
[async_slam_toolbox_node-5] [INFO] [1791653968.036892171] [slam_toolbox]: Activating
[navigation_node-2] [INFO] [1791653968.099824878] [navigation_node]: PathPlannerNode initialized.
[async_slam_toolbox_node-5] [INFO] [1791653968.322354086] [slam_toolbox]: Message Filter dropping message: frame 'base_scan' at time 14.000 for reason 'the timestamp on the message is earlier than all the data in the transform cache'
[async_slam_toolbox_node-5] Info: clipped range threshold to be within minimum and maximum range!
[async_slam_toolbox_node-5] [WARN] [1791653970.341644364] [slam_toolbox]: maximum laser range setting (20.0 m) exceeds the capabilities of the used Lidar (3.5 m)
[async_slam_toolbox_node-5] Registering sensor: [Custom Described Lidar]
[navigation_node-2] [INFO] [1791653971.185467801] [navigation_node]: t=17.0 goal=(0.25, 0.86) H=-7.61 L=0.90 I=87 turn=1.29 candidates=3 known=1.9m2 plan_time=0.07s
[navigation_node-2] [INFO] [1791653978.117173734] [navigation_node]: arrived at (0.25, 0.86)
[navigation_node-2] [INFO] [1791653978.196065948] [navigation_node]: t=24.0 goal=(-0.49, 1.65) H=-0.64 L=1.26 I=20 turn=0.66 candidates=3 known=3.1m2 plan_time=0.08s
[navigation_node-2] [INFO] [1791653987.126713246] [navigation_node]: arrived at (-0.49, 1.65)
[navigation_node-2] [INFO] [1791653987.207527303] [navigation_node]: t=33.0 goal=(-0.89, 0.95) H=-7.88 L=0.85 I=89 turn=1.16 candidates=3 known=3.9m2 plan_time=0.08s
[navigation_node-2] [INFO] [1791653993.146272167] [navigation_node]: arrived at (-0.89, 0.95)
[navigation_node-2] [INFO] [1791653993.238818177] [navigation_node]: t=39.0 goal=(-1.30, 1.17) H=-3.47 L=0.73 I=43 turn=0.65 candidates=3 known=4.9m2 plan_time=0.09s
[navigation_node-2] [INFO] [1791653999.152907984] [navigation_node]: arrived at (-1.30, 1.17)
[navigation_node-2] [INFO] [1791653999.243053321] [navigation_node]: t=45.0 goal=(-1.52, 1.63) H=-3.80 L=0.91 I=50 turn=1.88 candidates=3 known=5.3m2 plan_time=0.09s
[navigation_node-2] [INFO] [1791654004.171474144] [navigation_node]: arrived at (-1.52, 1.63)
[navigation_node-2] [INFO] [1791654004.256173426] [navigation_node]: t=50.0 goal=(-1.70, 0.27) H=3.65 L=4.78 I=16 turn=3.14 candidates=2 known=5.5m2 plan_time=0.08s
[navigation_node-2] [WARN] [1791654017.192464382] [navigation_node]: stalled, crossing off the goal
[navigation_node-2] [INFO] [1791654017.234010931] [navigation_node]: t=63.0 goal=(-1.56, -0.46) H=3.07 L=4.66 I=16 turn=0.04 candidates=1 known=5.5m2 plan_time=0.04s
[navigation_node-2] [WARN] [1791654026.191125969] [navigation_node]: stalled, crossing off the goal
[navigation_node-2] [INFO] [1791654035.205486288] [navigation_node]: exploration finished: 7 goals, 64 s since first plan
